
> my-project@0.1.0 build
> next build --webpack

▲ Next.js 16.1.6 (webpack)
- Environments: .env.local, .env

  Creating an optimized production build ...
 ✓ (pwa) Compiling for server...
 ✓ (pwa) Compiling for server...
 ✓ (pwa) Compiling for client (static)...
 ○ (pwa) Service worker: /Users/harmansekhon/Downloads/paysystem2/public/sw.js
 ○ (pwa)   URL: /sw.js
 ○ (pwa)   Scope: /
 ○ (pwa) This app will fallback to these precached routes when fetching from the cache and the network fails:
 ○ (pwa)   Documents (pages): /~offline
Failed to compile.

./node_modules/next-auth/core/init.js:8:1
Module not found: Can't resolve 'crypto'
   6 | });
   7 | exports.init = init;
>  8 | var _crypto = require("crypto");
     | ^
   9 | var _logger = _interopRequireDefault(require("../utils/logger"));
  10 | var _errors = require("./errors");
  11 | var _providers = _interopRequireDefault(require("./lib/providers"));

https://nextjs.org/docs/messages/module-not-found

Import trace for requested module:
./node_modules/next-auth/core/index.js
./node_modules/next-auth/next/index.js
./app/api/ai/chat/route.ts
./node_modules/next/dist/build/webpack/loaders/next-edge-app-route-loader/index.js?absolutePagePath=private-next-app-dir%2Fapi%2Fai%2Fchat%2Froute.ts&page=%2Fapi%2Fai%2Fchat%2Froute&appDirLoader=bmV4dC1hcHAtbG9hZGVyP25hbWU9YXBwJTJGYXBpJTJGYWklMkZjaGF0JTJGcm91dGUmcGFnZT0lMkZhcGklMkZhaSUyRmNoYXQlMkZyb3V0ZSZwYWdlUGF0aD1wcml2YXRlLW5leHQtYXBwLWRpciUyRmFwaSUyRmFpJTJGY2hhdCUyRnJvdXRlLnRzJmFwcERpcj0lMkZVc2VycyUyRmhhcm1hbnNla2hvbiUyRkRvd25sb2FkcyUyRnBheXN5c3RlbTIlMkZhcHAmYXBwUGF0aHM9JTJGYXBpJTJGYWklMkZjaGF0JTJGcm91dGUmcGFnZUV4dGVuc2lvbnM9dHN4JnBhZ2VFeHRlbnNpb25zPXRzJnBhZ2VFeHRlbnNpb25zPWpzeCZwYWdlRXh0ZW5zaW9ucz1qcyZiYXNlUGF0aD0mYXNzZXRQcmVmaXg9Jm5leHRDb25maWdPdXRwdXQ9JnByZWZlcnJlZFJlZ2lvbj0mbWlkZGxld2FyZUNvbmZpZz1lMzAlM0QmaXNHbG9iYWxOb3RGb3VuZEVuYWJsZWQ9IQ%3D%3D&preferredRegion=&middlewareConfig=e30%3D&cacheHandlers=%7B%7D!

./node_modules/next-auth/core/lib/csrf-token.js:7:1
Module not found: Can't resolve 'crypto'
   5 | });
   6 | exports.createCSRFToken = createCSRFToken;
>  7 | var _crypto = require("crypto");
     | ^
   8 | function createCSRFToken({
   9 |   options,
  10 |   cookieValue,

https://nextjs.org/docs/messages/module-not-found

Import trace for requested module:
./node_modules/next-auth/core/init.js
./node_modules/next-auth/core/index.js
./node_modules/next-auth/next/index.js
./app/api/ai/chat/route.ts
./node_modules/next/dist/build/webpack/loaders/next-edge-app-route-loader/index.js?absolutePagePath=private-next-app-dir%2Fapi%2Fai%2Fchat%2Froute.ts&page=%2Fapi%2Fai%2Fchat%2Froute&appDirLoader=bmV4dC1hcHAtbG9hZGVyP25hbWU9YXBwJTJGYXBpJTJGYWklMkZjaGF0JTJGcm91dGUmcGFnZT0lMkZhcGklMkZhaSUyRmNoYXQlMkZyb3V0ZSZwYWdlUGF0aD1wcml2YXRlLW5leHQtYXBwLWRpciUyRmFwaSUyRmFpJTJGY2hhdCUyRnJvdXRlLnRzJmFwcERpcj0lMkZVc2VycyUyRmhhcm1hbnNla2hvbiUyRkRvd25sb2FkcyUyRnBheXN5c3RlbTIlMkZhcHAmYXBwUGF0aHM9JTJGYXBpJTJGYWklMkZjaGF0JTJGcm91dGUmcGFnZUV4dGVuc2lvbnM9dHN4JnBhZ2VFeHRlbnNpb25zPXRzJnBhZ2VFeHRlbnNpb25zPWpzeCZwYWdlRXh0ZW5zaW9ucz1qcyZiYXNlUGF0aD0mYXNzZXRQcmVmaXg9Jm5leHRDb25maWdPdXRwdXQ9JnByZWZlcnJlZFJlZ2lvbj0mbWlkZGxld2FyZUNvbmZpZz1lMzAlM0QmaXNHbG9iYWxOb3RGb3VuZEVuYWJsZWQ9IQ%3D%3D&preferredRegion=&middlewareConfig=e30%3D&cacheHandlers=%7B%7D!

./node_modules/next-auth/core/lib/email/signin.js:7:1
Module not found: Can't resolve 'crypto'
   5 | });
   6 | exports.default = email;
>  7 | var _crypto = require("crypto");
     | ^
   8 | var _utils = require("../utils");
   9 | async function email(identifier, options) {
  10 |   var _await$provider$gener, _provider$generateVer, _provider$maxAge, _adapter$createVerifi;

https://nextjs.org/docs/messages/module-not-found

Import trace for requested module:
./node_modules/next-auth/core/routes/signin.js
./node_modules/next-auth/core/routes/index.js
./node_modules/next-auth/core/index.js
./node_modules/next-auth/next/index.js
./app/api/ai/chat/route.ts
./node_modules/next/dist/build/webpack/loaders/next-edge-app-route-loader/index.js?absolutePagePath=private-next-app-dir%2Fapi%2Fai%2Fchat%2Froute.ts&page=%2Fapi%2Fai%2Fchat%2Froute&appDirLoader=bmV4dC1hcHAtbG9hZGVyP25hbWU9YXBwJTJGYXBpJTJGYWklMkZjaGF0JTJGcm91dGUmcGFnZT0lMkZhcGklMkZhaSUyRmNoYXQlMkZyb3V0ZSZwYWdlUGF0aD1wcml2YXRlLW5leHQtYXBwLWRpciUyRmFwaSUyRmFpJTJGY2hhdCUyRnJvdXRlLnRzJmFwcERpcj0lMkZVc2VycyUyRmhhcm1hbnNla2hvbiUyRkRvd25sb2FkcyUyRnBheXN5c3RlbTIlMkZhcHAmYXBwUGF0aHM9JTJGYXBpJTJGYWklMkZjaGF0JTJGcm91dGUmcGFnZUV4dGVuc2lvbnM9dHN4JnBhZ2VFeHRlbnNpb25zPXRzJnBhZ2VFeHRlbnNpb25zPWpzeCZwYWdlRXh0ZW5zaW9ucz1qcyZiYXNlUGF0aD0mYXNzZXRQcmVmaXg9Jm5leHRDb25maWdPdXRwdXQ9JnByZWZlcnJlZFJlZ2lvbj0mbWlkZGxld2FyZUNvbmZpZz1lMzAlM0QmaXNHbG9iYWxOb3RGb3VuZEVuYWJsZWQ9IQ%3D%3D&preferredRegion=&middlewareConfig=e30%3D&cacheHandlers=%7B%7D!

./node_modules/next-auth/core/lib/utils.js:9:1
Module not found: Can't resolve 'crypto'
   7 | exports.fromDate = fromDate;
   8 | exports.hashToken = hashToken;
>  9 | var _crypto = require("crypto");
     | ^
  10 | function fromDate(time, date = Date.now()) {
  11 |   return new Date(date + time * 1000);
  12 | }

https://nextjs.org/docs/messages/module-not-found

Import trace for requested module:
./node_modules/next-auth/core/init.js
./node_modules/next-auth/core/index.js
./node_modules/next-auth/next/index.js
./app/api/ai/chat/route.ts
./node_modules/next/dist/build/webpack/loaders/next-edge-app-route-loader/index.js?absolutePagePath=private-next-app-dir%2Fapi%2Fai%2Fchat%2Froute.ts&page=%2Fapi%2Fai%2Fchat%2Froute&appDirLoader=bmV4dC1hcHAtbG9hZGVyP25hbWU9YXBwJTJGYXBpJTJGYWklMkZjaGF0JTJGcm91dGUmcGFnZT0lMkZhcGklMkZhaSUyRmNoYXQlMkZyb3V0ZSZwYWdlUGF0aD1wcml2YXRlLW5leHQtYXBwLWRpciUyRmFwaSUyRmFpJTJGY2hhdCUyRnJvdXRlLnRzJmFwcERpcj0lMkZVc2VycyUyRmhhcm1hbnNla2hvbiUyRkRvd25sb2FkcyUyRnBheXN5c3RlbTIlMkZhcHAmYXBwUGF0aHM9JTJGYXBpJTJGYWklMkZjaGF0JTJGcm91dGUmcGFnZUV4dGVuc2lvbnM9dHN4JnBhZ2VFeHRlbnNpb25zPXRzJnBhZ2VFeHRlbnNpb25zPWpzeCZwYWdlRXh0ZW5zaW9ucz1qcyZiYXNlUGF0aD0mYXNzZXRQcmVmaXg9Jm5leHRDb25maWdPdXRwdXQ9JnByZWZlcnJlZFJlZ2lvbj0mbWlkZGxld2FyZUNvbmZpZz1lMzAlM0QmaXNHbG9iYWxOb3RGb3VuZEVuYWJsZWQ9IQ%3D%3D&preferredRegion=&middlewareConfig=e30%3D&cacheHandlers=%7B%7D!

./node_modules/oauth/lib/oauth.js:1:1
Module not found: Can't resolve 'crypto'
> 1 | var crypto= require('crypto'),
    | ^
  2 |     sha1= require('./sha1'),
  3 |     http= require('http'),
  4 |     https= require('https'),

https://nextjs.org/docs/messages/module-not-found

Import trace for requested module:
./node_modules/oauth/index.js
./node_modules/next-auth/core/lib/oauth/client-legacy.js
./node_modules/next-auth/core/lib/oauth/callback.js
./node_modules/next-auth/core/routes/callback.js
./node_modules/next-auth/core/routes/index.js
./node_modules/next-auth/core/index.js
./node_modules/next-auth/next/index.js
./app/api/ai/chat/route.ts
./node_modules/next/dist/build/webpack/loaders/next-edge-app-route-loader/index.js?absolutePagePath=private-next-app-dir%2Fapi%2Fai%2Fchat%2Froute.ts&page=%2Fapi%2Fai%2Fchat%2Froute&appDirLoader=bmV4dC1hcHAtbG9hZGVyP25hbWU9YXBwJTJGYXBpJTJGYWklMkZjaGF0JTJGcm91dGUmcGFnZT0lMkZhcGklMkZhaSUyRmNoYXQlMkZyb3V0ZSZwYWdlUGF0aD1wcml2YXRlLW5leHQtYXBwLWRpciUyRmFwaSUyRmFpJTJGY2hhdCUyRnJvdXRlLnRzJmFwcERpcj0lMkZVc2VycyUyRmhhcm1hbnNla2hvbiUyRkRvd25sb2FkcyUyRnBheXN5c3RlbTIlMkZhcHAmYXBwUGF0aHM9JTJGYXBpJTJGYWklMkZjaGF0JTJGcm91dGUmcGFnZUV4dGVuc2lvbnM9dHN4JnBhZ2VFeHRlbnNpb25zPXRzJnBhZ2VFeHRlbnNpb25zPWpzeCZwYWdlRXh0ZW5zaW9ucz1qcyZiYXNlUGF0aD0mYXNzZXRQcmVmaXg9Jm5leHRDb25maWdPdXRwdXQ9JnByZWZlcnJlZFJlZ2lvbj0mbWlkZGxld2FyZUNvbmZpZz1lMzAlM0QmaXNHbG9iYWxOb3RGb3VuZEVuYWJsZWQ9IQ%3D%3D&preferredRegion=&middlewareConfig=e30%3D&cacheHandlers=%7B%7D!


> Build failed because of webpack errors
